INFO    : Since no target was supplied, we will use "web".

INFO    : Building target web
INFO    : XSL conversion of /Users/pstaab/code/informal-number-theory-book/source/main.ptx by /Users/pstaab/.ptx/2.37.1/core/xsl/utilities/pretext-enhanced-source.xsl
INFO    : successful application of /Users/pstaab/.ptx/2.37.1/core/xsl/utilities/pretext-enhanced-source.xsl
INFO    : Generating any needed assets.
INFO    : converting latex-image pictures from /Users/pstaab/code/informal-number-theory-book/source/main.ptx to svg graphics for placement in /Users/pstaab/code/informal-number-theory-book/generated-assets/latex-image
INFO    : extracting latex-image pictures from /Users/pstaab/code/informal-number-theory-book/source/main.ptx
INFO    : string parameters passed to extraction stylesheet: {'cli.version': '2.37', 'publisher': '/Users/pstaab/code/informal-number-theory-book/publication/publication.ptx'}
INFO    : discovering source file's directory name: /Users/pstaab/code/informal-number-theory-book/source
INFO    : verifying and expanding input directory: /Users/pstaab/code/informal-number-theory-book/source/../generated-assets
INFO    : input directory expanded to absolute path: /Users/pstaab/code/informal-number-theory-book/generated-assets
INFO    : verifying and expanding input directory: /Users/pstaab/code/informal-number-theory-book/source/../assets
INFO    : input directory expanded to absolute path: /Users/pstaab/code/informal-number-theory-book/assets
INFO    : discovering source file's directory name: /Users/pstaab/code/informal-number-theory-book/source
INFO    : XSL conversion of /Users/pstaab/code/informal-number-theory-book/source/main.ptx by /Users/pstaab/.ptx/2.37.1/core/xsl/extract-latex-image.xsl
INFO    : successful application of /Users/pstaab/.ptx/2.37.1/core/xsl/extract-latex-image.xsl
INFO    : converting sect-addition-subtraction-5-4-8.tex to sect-addition-subtraction-5-4-8.pdf
INFO    : cropping sect-addition-subtraction-5-4-8.pdf to cropped-sect-addition-subtraction-5-4-8.pdf
INFO    : renaming cropped-sect-addition-subtraction-5-4-8.pdf to sect-addition-subtraction-5-4-8.pdf
INFO    : converting sect-addition-subtraction-5-4-8.pdf to sect-addition-subtraction-5-4-8.svg
INFO    : converting fig-dlb-02-2.tex to fig-dlb-02-2.pdf
INFO    : cropping fig-dlb-02-2.pdf to cropped-fig-dlb-02-2.pdf
INFO    : renaming cropped-fig-dlb-02-2.pdf to fig-dlb-02-2.pdf
INFO    : converting fig-dlb-02-2.pdf to fig-dlb-02-2.svg
INFO    : converting sect-addition-subtraction-6-9-5.tex to sect-addition-subtraction-6-9-5.pdf
INFO    : cropping sect-addition-subtraction-6-9-5.pdf to cropped-sect-addition-subtraction-6-9-5.pdf
INFO    : renaming cropped-sect-addition-subtraction-6-9-5.pdf to sect-addition-subtraction-6-9-5.pdf
INFO    : converting sect-addition-subtraction-6-9-5.pdf to sect-addition-subtraction-6-9-5.svg
INFO    : converting fig-asdf-2.tex to fig-asdf-2.pdf
INFO    : cropping fig-asdf-2.pdf to cropped-fig-asdf-2.pdf
INFO    : renaming cropped-fig-asdf-2.pdf to fig-asdf-2.pdf
INFO    : converting fig-asdf-2.pdf to fig-asdf-2.svg
INFO    : converting fig-number-line-2.tex to fig-number-line-2.pdf
INFO    : cropping fig-number-line-2.pdf to cropped-fig-number-line-2.pdf
INFO    : renaming cropped-fig-number-line-2.pdf to fig-number-line-2.pdf
INFO    : converting fig-number-line-2.pdf to fig-number-line-2.svg
INFO    : converting sect-multiplication-division-3-3-4-1-2-2.tex to sect-multiplication-division-3-3-4-1-2-2.pdf
INFO    : cropping sect-multiplication-division-3-3-4-1-2-2.pdf to cropped-sect-multiplication-division-3-3-4-1-2-2.pdf
INFO    : renaming cropped-sect-multiplication-division-3-3-4-1-2-2.pdf to sect-multiplication-division-3-3-4-1-2-2.pdf
INFO    : converting sect-multiplication-division-3-3-4-1-2-2.pdf to sect-multiplication-division-3-3-4-1-2-2.svg
INFO    : converting sect-addition-subtraction-6-5-3-1-2-4.tex to sect-addition-subtraction-6-5-3-1-2-4.pdf
INFO    : cropping sect-addition-subtraction-6-5-3-1-2-4.pdf to cropped-sect-addition-subtraction-6-5-3-1-2-4.pdf
INFO    : renaming cropped-sect-addition-subtraction-6-5-3-1-2-4.pdf to sect-addition-subtraction-6-5-3-1-2-4.pdf
INFO    : converting sect-addition-subtraction-6-5-3-1-2-4.pdf to sect-addition-subtraction-6-5-3-1-2-4.svg
INFO    : converting sect-addition-subtraction-6-6-3-1-1-3.tex to sect-addition-subtraction-6-6-3-1-1-3.pdf
INFO    : cropping sect-addition-subtraction-6-6-3-1-1-3.pdf to cropped-sect-addition-subtraction-6-6-3-1-1-3.pdf
INFO    : renaming cropped-sect-addition-subtraction-6-6-3-1-1-3.pdf to sect-addition-subtraction-6-6-3-1-1-3.pdf
INFO    : converting sect-addition-subtraction-6-6-3-1-1-3.pdf to sect-addition-subtraction-6-6-3-1-1-3.svg
INFO    : converting sect-addition-subtraction-2-5-3-2-1.tex to sect-addition-subtraction-2-5-3-2-1.pdf
INFO    : cropping sect-addition-subtraction-2-5-3-2-1.pdf to cropped-sect-addition-subtraction-2-5-3-2-1.pdf
INFO    : renaming cropped-sect-addition-subtraction-2-5-3-2-1.pdf to sect-addition-subtraction-2-5-3-2-1.pdf
INFO    : converting sect-addition-subtraction-2-5-3-2-1.pdf to sect-addition-subtraction-2-5-3-2-1.svg
INFO    : converting sect-addition-subtraction-6-9-3.tex to sect-addition-subtraction-6-9-3.pdf
INFO    : cropping sect-addition-subtraction-6-9-3.pdf to cropped-sect-addition-subtraction-6-9-3.pdf
INFO    : renaming cropped-sect-addition-subtraction-6-9-3.pdf to sect-addition-subtraction-6-9-3.pdf
INFO    : converting sect-addition-subtraction-6-9-3.pdf to sect-addition-subtraction-6-9-3.svg
INFO    : converting sect-addition-subtraction-6-6-3-1-3-4.tex to sect-addition-subtraction-6-6-3-1-3-4.pdf
INFO    : cropping sect-addition-subtraction-6-6-3-1-3-4.pdf to cropped-sect-addition-subtraction-6-6-3-1-3-4.pdf
INFO    : renaming cropped-sect-addition-subtraction-6-6-3-1-3-4.pdf to sect-addition-subtraction-6-6-3-1-3-4.pdf
INFO    : converting sect-addition-subtraction-6-6-3-1-3-4.pdf to sect-addition-subtraction-6-6-3-1-3-4.svg
INFO    : converting sect-multiplication-division-3-3-4-1-2-4.tex to sect-multiplication-division-3-3-4-1-2-4.pdf
INFO    : cropping sect-multiplication-division-3-3-4-1-2-4.pdf to cropped-sect-multiplication-division-3-3-4-1-2-4.pdf
INFO    : renaming cropped-sect-multiplication-division-3-3-4-1-2-4.pdf to sect-multiplication-division-3-3-4-1-2-4.pdf
INFO    : converting sect-multiplication-division-3-3-4-1-2-4.pdf to sect-multiplication-division-3-3-4-1-2-4.svg
INFO    : converting sect-addition-subtraction-6-6-3-1-1-5.tex to sect-addition-subtraction-6-6-3-1-1-5.pdf
INFO    : cropping sect-addition-subtraction-6-6-3-1-1-5.pdf to cropped-sect-addition-subtraction-6-6-3-1-1-5.pdf
INFO    : renaming cropped-sect-addition-subtraction-6-6-3-1-1-5.pdf to sect-addition-subtraction-6-6-3-1-1-5.pdf
INFO    : converting sect-addition-subtraction-6-6-3-1-1-5.pdf to sect-addition-subtraction-6-6-3-1-1-5.svg
INFO    : converting fig-dots-2.tex to fig-dots-2.pdf
INFO    : cropping fig-dots-2.pdf to cropped-fig-dots-2.pdf
INFO    : renaming cropped-fig-dots-2.pdf to fig-dots-2.pdf
INFO    : converting fig-dots-2.pdf to fig-dots-2.svg
INFO    : converting sect-addition-subtraction-6-5-3-1-1-4.tex to sect-addition-subtraction-6-5-3-1-1-4.pdf
INFO    : cropping sect-addition-subtraction-6-5-3-1-1-4.pdf to cropped-sect-addition-subtraction-6-5-3-1-1-4.pdf
INFO    : renaming cropped-sect-addition-subtraction-6-5-3-1-1-4.pdf to sect-addition-subtraction-6-5-3-1-1-4.pdf
INFO    : converting sect-addition-subtraction-6-5-3-1-1-4.pdf to sect-addition-subtraction-6-5-3-1-1-4.svg
INFO    : converting sect-division-5-7.tex to sect-division-5-7.pdf
INFO    : cropping sect-division-5-7.pdf to cropped-sect-division-5-7.pdf
INFO    : renaming cropped-sect-division-5-7.pdf to sect-division-5-7.pdf
INFO    : converting sect-division-5-7.pdf to sect-division-5-7.svg
INFO    : converting fig-dlb-01-2.tex to fig-dlb-01-2.pdf
INFO    : cropping fig-dlb-01-2.pdf to cropped-fig-dlb-01-2.pdf
INFO    : renaming cropped-fig-dlb-01-2.pdf to fig-dlb-01-2.pdf
INFO    : converting fig-dlb-01-2.pdf to fig-dlb-01-2.svg
INFO    : converting sect-addition-subtraction-6-8-7.tex to sect-addition-subtraction-6-8-7.pdf
INFO    : cropping sect-addition-subtraction-6-8-7.pdf to cropped-sect-addition-subtraction-6-8-7.pdf
INFO    : renaming cropped-sect-addition-subtraction-6-8-7.pdf to sect-addition-subtraction-6-8-7.pdf
INFO    : converting sect-addition-subtraction-6-8-7.pdf to sect-addition-subtraction-6-8-7.svg
INFO    : converting sect-addition-subtraction-2-4-3-2-2.tex to sect-addition-subtraction-2-4-3-2-2.pdf
INFO    : cropping sect-addition-subtraction-2-4-3-2-2.pdf to cropped-sect-addition-subtraction-2-4-3-2-2.pdf
INFO    : renaming cropped-sect-addition-subtraction-2-4-3-2-2.pdf to sect-addition-subtraction-2-4-3-2-2.pdf
INFO    : converting sect-addition-subtraction-2-4-3-2-2.pdf to sect-addition-subtraction-2-4-3-2-2.svg
INFO    : converting sect-addition-subtraction-6-8-5.tex to sect-addition-subtraction-6-8-5.pdf
INFO    : cropping sect-addition-subtraction-6-8-5.pdf to cropped-sect-addition-subtraction-6-8-5.pdf
INFO    : renaming cropped-sect-addition-subtraction-6-8-5.pdf to sect-addition-subtraction-6-8-5.pdf
INFO    : converting sect-addition-subtraction-6-8-5.pdf to sect-addition-subtraction-6-8-5.svg
INFO    : converting sect-division-5-4.tex to sect-division-5-4.pdf
INFO    : cropping sect-division-5-4.pdf to cropped-sect-division-5-4.pdf
INFO    : renaming cropped-sect-division-5-4.pdf to sect-division-5-4.pdf
INFO    : converting sect-division-5-4.pdf to sect-division-5-4.svg
INFO    : converting sect-addition-subtraction-6-5-3-1-1-6.tex to sect-addition-subtraction-6-5-3-1-1-6.pdf
INFO    : cropping sect-addition-subtraction-6-5-3-1-1-6.pdf to cropped-sect-addition-subtraction-6-5-3-1-1-6.pdf
INFO    : renaming cropped-sect-addition-subtraction-6-5-3-1-1-6.pdf to sect-addition-subtraction-6-5-3-1-1-6.pdf
INFO    : converting sect-addition-subtraction-6-5-3-1-1-6.pdf to sect-addition-subtraction-6-5-3-1-1-6.svg
INFO    : converting sect-multiplication-division-3-3-4-1-3-2.tex to sect-multiplication-division-3-3-4-1-3-2.pdf
INFO    : cropping sect-multiplication-division-3-3-4-1-3-2.pdf to cropped-sect-multiplication-division-3-3-4-1-3-2.pdf
INFO    : renaming cropped-sect-multiplication-division-3-3-4-1-3-2.pdf to sect-multiplication-division-3-3-4-1-3-2.pdf
INFO    : converting sect-multiplication-division-3-3-4-1-3-2.pdf to sect-multiplication-division-3-3-4-1-3-2.svg
INFO    : converting sect-addition-subtraction-6-5-3-1-3-4.tex to sect-addition-subtraction-6-5-3-1-3-4.pdf
INFO    : cropping sect-addition-subtraction-6-5-3-1-3-4.pdf to cropped-sect-addition-subtraction-6-5-3-1-3-4.pdf
INFO    : renaming cropped-sect-addition-subtraction-6-5-3-1-3-4.pdf to sect-addition-subtraction-6-5-3-1-3-4.pdf
INFO    : converting sect-addition-subtraction-6-5-3-1-3-4.pdf to sect-addition-subtraction-6-5-3-1-3-4.svg
INFO    : converting sect-division-3-3.tex to sect-division-3-3.pdf
INFO    : cropping sect-division-3-3.pdf to cropped-sect-division-3-3.pdf
INFO    : renaming cropped-sect-division-3-3.pdf to sect-division-3-3.pdf
INFO    : converting sect-division-3-3.pdf to sect-division-3-3.svg
INFO    : converting sect-addition-subtraction-6-6-3-1-2-3.tex to sect-addition-subtraction-6-6-3-1-2-3.pdf
INFO    : cropping sect-addition-subtraction-6-6-3-1-2-3.pdf to cropped-sect-addition-subtraction-6-6-3-1-2-3.pdf
INFO    : renaming cropped-sect-addition-subtraction-6-6-3-1-2-3.pdf to sect-addition-subtraction-6-6-3-1-2-3.pdf
INFO    : converting sect-addition-subtraction-6-6-3-1-2-3.pdf to sect-addition-subtraction-6-6-3-1-2-3.svg
INFO    : converting sect-multiplication-division-3-2-6-3-2.tex to sect-multiplication-division-3-2-6-3-2.pdf
INFO    : cropping sect-multiplication-division-3-2-6-3-2.pdf to cropped-sect-multiplication-division-3-2-6-3-2.pdf
INFO    : renaming cropped-sect-multiplication-division-3-2-6-3-2.pdf to sect-multiplication-division-3-2-6-3-2.pdf
INFO    : converting sect-multiplication-division-3-2-6-3-2.pdf to sect-multiplication-division-3-2-6-3-2.svg
INFO    : converting sect-addition-subtraction-6-8-3.tex to sect-addition-subtraction-6-8-3.pdf
INFO    : cropping sect-addition-subtraction-6-8-3.pdf to cropped-sect-addition-subtraction-6-8-3.pdf
INFO    : renaming cropped-sect-addition-subtraction-6-8-3.pdf to sect-addition-subtraction-6-8-3.pdf
INFO    : converting sect-addition-subtraction-6-8-3.pdf to sect-addition-subtraction-6-8-3.svg
INFO    : converting sect-multiplication-division-3-2-6-3-1.tex to sect-multiplication-division-3-2-6-3-1.pdf
INFO    : cropping sect-multiplication-division-3-2-6-3-1.pdf to cropped-sect-multiplication-division-3-2-6-3-1.pdf
INFO    : renaming cropped-sect-multiplication-division-3-2-6-3-1.pdf to sect-multiplication-division-3-2-6-3-1.pdf
INFO    : converting sect-multiplication-division-3-2-6-3-1.pdf to sect-multiplication-division-3-2-6-3-1.svg
INFO    : converting sect-multiplication-division-3-3-4-1-3-4.tex to sect-multiplication-division-3-3-4-1-3-4.pdf
INFO    : cropping sect-multiplication-division-3-3-4-1-3-4.pdf to cropped-sect-multiplication-division-3-3-4-1-3-4.pdf
INFO    : renaming cropped-sect-multiplication-division-3-3-4-1-3-4.pdf to sect-multiplication-division-3-3-4-1-3-4.pdf
INFO    : converting sect-multiplication-division-3-3-4-1-3-4.pdf to sect-multiplication-division-3-3-4-1-3-4.svg
INFO    : converting sect-division-3-5.tex to sect-division-3-5.pdf
INFO    : cropping sect-division-3-5.pdf to cropped-sect-division-3-5.pdf
INFO    : renaming cropped-sect-division-3-5.pdf to sect-division-3-5.pdf
INFO    : converting sect-division-3-5.pdf to sect-division-3-5.svg
INFO    : converting sect-addition-subtraction-6-6-3-1-2-5.tex to sect-addition-subtraction-6-6-3-1-2-5.pdf
INFO    : cropping sect-addition-subtraction-6-6-3-1-2-5.pdf to cropped-sect-addition-subtraction-6-6-3-1-2-5.pdf
INFO    : renaming cropped-sect-addition-subtraction-6-6-3-1-2-5.pdf to sect-addition-subtraction-6-6-3-1-2-5.pdf
INFO    : converting sect-addition-subtraction-6-6-3-1-2-5.pdf to sect-addition-subtraction-6-6-3-1-2-5.svg
INFO    : converting fig-number-line-02-2.tex to fig-number-line-02-2.pdf
INFO    : cropping fig-number-line-02-2.pdf to cropped-fig-number-line-02-2.pdf
INFO    : renaming cropped-fig-number-line-02-2.pdf to fig-number-line-02-2.pdf
INFO    : converting fig-number-line-02-2.pdf to fig-number-line-02-2.svg
INFO    : converting sect-addition-subtraction-5-5-3.tex to sect-addition-subtraction-5-5-3.pdf
INFO    : cropping sect-addition-subtraction-5-5-3.pdf to cropped-sect-addition-subtraction-5-5-3.pdf
INFO    : renaming cropped-sect-addition-subtraction-5-5-3.pdf to sect-addition-subtraction-5-5-3.pdf
INFO    : converting sect-addition-subtraction-5-5-3.pdf to sect-addition-subtraction-5-5-3.svg
INFO    : converting fig-ha-coin-model-2.tex to fig-ha-coin-model-2.pdf
INFO    : cropping fig-ha-coin-model-2.pdf to cropped-fig-ha-coin-model-2.pdf
INFO    : renaming cropped-fig-ha-coin-model-2.pdf to fig-ha-coin-model-2.pdf
INFO    : converting fig-ha-coin-model-2.pdf to fig-ha-coin-model-2.svg
INFO    : converting sect-addition-subtraction-6-4-3-1-2-3.tex to sect-addition-subtraction-6-4-3-1-2-3.pdf
INFO    : cropping sect-addition-subtraction-6-4-3-1-2-3.pdf to cropped-sect-addition-subtraction-6-4-3-1-2-3.pdf
INFO    : renaming cropped-sect-addition-subtraction-6-4-3-1-2-3.pdf to sect-addition-subtraction-6-4-3-1-2-3.pdf
INFO    : converting sect-addition-subtraction-6-4-3-1-2-3.pdf to sect-addition-subtraction-6-4-3-1-2-3.svg
INFO    : converting fig-fish-2.tex to fig-fish-2.pdf
INFO    : cropping fig-fish-2.pdf to cropped-fig-fish-2.pdf
INFO    : renaming cropped-fig-fish-2.pdf to fig-fish-2.pdf
INFO    : converting fig-fish-2.pdf to fig-fish-2.svg
INFO    : converting sect-addition-subtraction-4-3-3.tex to sect-addition-subtraction-4-3-3.pdf
INFO    : cropping sect-addition-subtraction-4-3-3.pdf to cropped-sect-addition-subtraction-4-3-3.pdf
INFO    : renaming cropped-sect-addition-subtraction-4-3-3.pdf to sect-addition-subtraction-4-3-3.pdf
INFO    : converting sect-addition-subtraction-4-3-3.pdf to sect-addition-subtraction-4-3-3.svg
INFO    : converting fig-bar-diagram-01-2.tex to fig-bar-diagram-01-2.pdf
INFO    : cropping fig-bar-diagram-01-2.pdf to cropped-fig-bar-diagram-01-2.pdf
INFO    : renaming cropped-fig-bar-diagram-01-2.pdf to fig-bar-diagram-01-2.pdf
INFO    : converting fig-bar-diagram-01-2.pdf to fig-bar-diagram-01-2.svg
INFO    : converting fig-measuring-cup-2.tex to fig-measuring-cup-2.pdf
INFO    : cropping fig-measuring-cup-2.pdf to cropped-fig-measuring-cup-2.pdf
INFO    : renaming cropped-fig-measuring-cup-2.pdf to fig-measuring-cup-2.pdf
INFO    : converting fig-measuring-cup-2.pdf to fig-measuring-cup-2.svg
INFO    : converting sect-multiplication-division-3-2-4-3.tex to sect-multiplication-division-3-2-4-3.pdf
INFO    : cropping sect-multiplication-division-3-2-4-3.pdf to cropped-sect-multiplication-division-3-2-4-3.pdf
INFO    : renaming cropped-sect-multiplication-division-3-2-4-3.pdf to sect-multiplication-division-3-2-4-3.pdf
INFO    : converting sect-multiplication-division-3-2-4-3.pdf to sect-multiplication-division-3-2-4-3.svg
INFO    : converting sect-addition-subtraction-5-5-5.tex to sect-addition-subtraction-5-5-5.pdf
INFO    : cropping sect-addition-subtraction-5-5-5.pdf to cropped-sect-addition-subtraction-5-5-5.pdf
INFO    : renaming cropped-sect-addition-subtraction-5-5-5.pdf to sect-addition-subtraction-5-5-5.pdf
INFO    : converting sect-addition-subtraction-5-5-5.pdf to sect-addition-subtraction-5-5-5.svg
INFO    : converting fig-bar-diagram-simple-2.tex to fig-bar-diagram-simple-2.pdf
INFO    : cropping fig-bar-diagram-simple-2.pdf to cropped-fig-bar-diagram-simple-2.pdf
INFO    : renaming cropped-fig-bar-diagram-simple-2.pdf to fig-bar-diagram-simple-2.pdf
INFO    : converting fig-bar-diagram-simple-2.pdf to fig-bar-diagram-simple-2.svg
INFO    : converting fig-pencils-2.tex to fig-pencils-2.pdf
INFO    : cropping fig-pencils-2.pdf to cropped-fig-pencils-2.pdf
INFO    : renaming cropped-fig-pencils-2.pdf to fig-pencils-2.pdf
INFO    : converting fig-pencils-2.pdf to fig-pencils-2.svg
INFO    : converting sect-alt-numbers-4-3.tex to sect-alt-numbers-4-3.pdf
INFO    : cropping sect-alt-numbers-4-3.pdf to cropped-sect-alt-numbers-4-3.pdf
INFO    : renaming cropped-sect-alt-numbers-4-3.pdf to sect-alt-numbers-4-3.pdf
INFO    : converting sect-alt-numbers-4-3.pdf to sect-alt-numbers-4-3.svg
INFO    : converting sect-addition-subtraction-5-5-7.tex to sect-addition-subtraction-5-5-7.pdf
INFO    : cropping sect-addition-subtraction-5-5-7.pdf to cropped-sect-addition-subtraction-5-5-7.pdf
INFO    : renaming cropped-sect-addition-subtraction-5-5-7.pdf to sect-addition-subtraction-5-5-7.pdf
INFO    : converting sect-addition-subtraction-5-5-7.pdf to sect-addition-subtraction-5-5-7.svg
INFO    : converting fig-number-line-addition-2.tex to fig-number-line-addition-2.pdf
INFO    : cropping fig-number-line-addition-2.pdf to cropped-fig-number-line-addition-2.pdf
INFO    : renaming cropped-fig-number-line-addition-2.pdf to fig-number-line-addition-2.pdf
INFO    : converting fig-number-line-addition-2.pdf to fig-number-line-addition-2.svg
INFO    : converting sect-addition-subtraction-4-5-3.tex to sect-addition-subtraction-4-5-3.pdf
INFO    : cropping sect-addition-subtraction-4-5-3.pdf to cropped-sect-addition-subtraction-4-5-3.pdf
INFO    : renaming cropped-sect-addition-subtraction-4-5-3.pdf to sect-addition-subtraction-4-5-3.pdf
INFO    : converting sect-addition-subtraction-4-5-3.pdf to sect-addition-subtraction-4-5-3.svg
INFO    : converting fig-number-line-fractions-2.tex to fig-number-line-fractions-2.pdf
INFO    : cropping fig-number-line-fractions-2.pdf to cropped-fig-number-line-fractions-2.pdf
INFO    : renaming cropped-fig-number-line-fractions-2.pdf to fig-number-line-fractions-2.pdf
INFO    : converting fig-number-line-fractions-2.pdf to fig-number-line-fractions-2.svg
INFO    : converting sect-addition-subtraction-4-4-5.tex to sect-addition-subtraction-4-4-5.pdf
INFO    : cropping sect-addition-subtraction-4-4-5.pdf to cropped-sect-addition-subtraction-4-4-5.pdf
INFO    : renaming cropped-sect-addition-subtraction-4-4-5.pdf to sect-addition-subtraction-4-4-5.pdf
INFO    : converting sect-addition-subtraction-4-4-5.pdf to sect-addition-subtraction-4-4-5.svg
INFO    : converting sect-addition-subtraction-6-4-3-1-3-3.tex to sect-addition-subtraction-6-4-3-1-3-3.pdf
INFO    : cropping sect-addition-subtraction-6-4-3-1-3-3.pdf to cropped-sect-addition-subtraction-6-4-3-1-3-3.pdf
INFO    : renaming cropped-sect-addition-subtraction-6-4-3-1-3-3.pdf to sect-addition-subtraction-6-4-3-1-3-3.pdf
INFO    : converting sect-addition-subtraction-6-4-3-1-3-3.pdf to sect-addition-subtraction-6-4-3-1-3-3.svg
INFO    : converting sect-addition-subtraction-6-4-3-1-1-3.tex to sect-addition-subtraction-6-4-3-1-1-3.pdf
INFO    : cropping sect-addition-subtraction-6-4-3-1-1-3.pdf to cropped-sect-addition-subtraction-6-4-3-1-1-3.pdf
INFO    : renaming cropped-sect-addition-subtraction-6-4-3-1-1-3.pdf to sect-addition-subtraction-6-4-3-1-1-3.pdf
INFO    : converting sect-addition-subtraction-6-4-3-1-1-3.pdf to sect-addition-subtraction-6-4-3-1-1-3.svg
INFO    : converting sect-addition-subtraction-5-4-3.tex to sect-addition-subtraction-5-4-3.pdf
INFO    : cropping sect-addition-subtraction-5-4-3.pdf to cropped-sect-addition-subtraction-5-4-3.pdf
INFO    : renaming cropped-sect-addition-subtraction-5-4-3.pdf to sect-addition-subtraction-5-4-3.pdf
INFO    : converting sect-addition-subtraction-5-4-3.pdf to sect-addition-subtraction-5-4-3.svg
INFO    : converting sect-addition-subtraction-4-4-3.tex to sect-addition-subtraction-4-4-3.pdf
INFO    : cropping sect-addition-subtraction-4-4-3.pdf to cropped-sect-addition-subtraction-4-4-3.pdf
INFO    : renaming cropped-sect-addition-subtraction-4-4-3.pdf to sect-addition-subtraction-4-4-3.pdf
INFO    : converting sect-addition-subtraction-4-4-3.pdf to sect-addition-subtraction-4-4-3.svg
INFO    : converting sect-addition-subtraction-5-4-6.tex to sect-addition-subtraction-5-4-6.pdf
INFO    : cropping sect-addition-subtraction-5-4-6.pdf to cropped-sect-addition-subtraction-5-4-6.pdf
INFO    : renaming cropped-sect-addition-subtraction-5-4-6.pdf to sect-addition-subtraction-5-4-6.pdf
INFO    : converting sect-addition-subtraction-5-4-6.pdf to sect-addition-subtraction-5-4-6.svg
INFO    : converting fig-dlb-2.tex to fig-dlb-2.pdf
INFO    : cropping fig-dlb-2.pdf to cropped-fig-dlb-2.pdf
INFO    : renaming cropped-fig-dlb-2.pdf to fig-dlb-2.pdf
INFO    : converting fig-dlb-2.pdf to fig-dlb-2.svg
INFO    : converting sect-multiplication-division-3-2-5-3.tex to sect-multiplication-division-3-2-5-3.pdf
INFO    : cropping sect-multiplication-division-3-2-5-3.pdf to cropped-sect-multiplication-division-3-2-5-3.pdf
INFO    : renaming cropped-sect-multiplication-division-3-2-5-3.pdf to sect-multiplication-division-3-2-5-3.pdf
INFO    : converting sect-multiplication-division-3-2-5-3.pdf to sect-multiplication-division-3-2-5-3.svg
INFO    : converting sect-ha-numbers-10-5-4-1-1.tex to sect-ha-numbers-10-5-4-1-1.pdf
INFO    : cropping sect-ha-numbers-10-5-4-1-1.pdf to cropped-sect-ha-numbers-10-5-4-1-1.pdf
INFO    : renaming cropped-sect-ha-numbers-10-5-4-1-1.pdf to sect-ha-numbers-10-5-4-1-1.pdf
INFO    : converting sect-ha-numbers-10-5-4-1-1.pdf to sect-ha-numbers-10-5-4-1-1.svg
INFO    : Removing temporary directory /var/folders/mh/bf69w49d3j9265n3xzmx9t5c0000gq/T/ptx-1ef6cz44
INFO    : Finished generating assets.

INFO    : Preparing to build into /Users/pstaab/code/informal-number-theory-book/output/web.
INFO    : discovering source file's directory name: /Users/pstaab/code/informal-number-theory-book/source
INFO    : verifying and expanding input directory: /Users/pstaab/code/informal-number-theory-book/source/../generated-assets
INFO    : input directory expanded to absolute path: /Users/pstaab/code/informal-number-theory-book/generated-assets
INFO    : verifying and expanding input directory: /Users/pstaab/code/informal-number-theory-book/source/../assets
INFO    : input directory expanded to absolute path: /Users/pstaab/code/informal-number-theory-book/assets
INFO    : discovering source file's directory name: /Users/pstaab/code/informal-number-theory-book/source
INFO    : XSL conversion of /Users/pstaab/code/informal-number-theory-book/source/main.ptx by /Users/pstaab/.ptx/2.37.1/core/xsl/utilities/report-publisher-variables.xsl
INFO    : successful application of /Users/pstaab/.ptx/2.37.1/core/xsl/utilities/report-publisher-variables.xsl
INFO    : Downloading rs services file from https://runestone.academy/cdn/runestone/latest/webpack_static_imports.xml.
INFO    : Runestone Services via online CDN query: version 7.11.18
INFO    : Downloading Runestone Services, version 7.11.18
INFO    : Extracting Runestone Services from archive file
INFO    : Building custom css theme: theme-default-modern
INFO    : converting /Users/pstaab/code/informal-number-theory-book/source/main.ptx to HTML in /var/folders/mh/bf69w49d3j9265n3xzmx9t5c0000gq/T/ptx-ofr521f6
INFO    : XSL conversion of /Users/pstaab/code/informal-number-theory-book/source/main.ptx by /Users/pstaab/.ptx/2.37.1/core/xsl/pretext-html.xsl
INFO    : messages from the log for XSL processing:
INFO    : * PTX:INFO:   checking all deprecated elements.
INFO    : successful application of /Users/pstaab/.ptx/2.37.1/core/xsl/pretext-html.xsl
INFO    : Removing temporary directory /var/folders/mh/bf69w49d3j9265n3xzmx9t5c0000gq/T/ptx-ofr521f6
INFO    : Removing temporary directory /var/folders/mh/bf69w49d3j9265n3xzmx9t5c0000gq/T/ptx-ocowe9ah
INFO    : 
Finished build for target web. Run `pretext view web` to see the results.

INFO    : 
Success!  Built requested target(s) without errors.

INFO    : 
