INFO    : Since no target was supplied, we will use "web".

INFO    : Generating any needed assets.
INFO    : XSL conversion of /Users/pstaab/code/informal-number-theory-book/source/main.ptx by /Users/pstaab/.ptx/2.37.1/core/xsl/utilities/pretext-enhanced-source.xsl
INFO    : successful application of /Users/pstaab/.ptx/2.37.1/core/xsl/utilities/pretext-enhanced-source.xsl
INFO    : converting latex-image pictures from /Users/pstaab/code/informal-number-theory-book/source/main.ptx to svg graphics for placement in /Users/pstaab/code/informal-number-theory-book/generated-assets/latex-image
INFO    : extracting latex-image pictures from /Users/pstaab/code/informal-number-theory-book/source/main.ptx
INFO    : string parameters passed to extraction stylesheet: {'publisher': '/Users/pstaab/code/informal-number-theory-book/publication/publication.ptx'}
INFO    : discovering source file's directory name: /Users/pstaab/code/informal-number-theory-book/source
INFO    : verifying and expanding input directory: /Users/pstaab/code/informal-number-theory-book/source/../generated-assets
INFO    : input directory expanded to absolute path: /Users/pstaab/code/informal-number-theory-book/generated-assets
INFO    : verifying and expanding input directory: /Users/pstaab/code/informal-number-theory-book/source/../assets
INFO    : input directory expanded to absolute path: /Users/pstaab/code/informal-number-theory-book/assets
INFO    : discovering source file's directory name: /Users/pstaab/code/informal-number-theory-book/source
INFO    : XSL conversion of /Users/pstaab/code/informal-number-theory-book/source/main.ptx by /Users/pstaab/.ptx/2.37.1/core/xsl/extract-latex-image.xsl
INFO    : successful application of /Users/pstaab/.ptx/2.37.1/core/xsl/extract-latex-image.xsl
INFO    : converting sect-addition-subtraction-5-4-8.tex to sect-addition-subtraction-5-4-8.pdf
ERROR   : LaTeX compilation of sect-addition-subtraction-5-4-8.tex failed.
Re-run, requesting "source" as the format, to analyze the image.
Likely creating the entire document as PDF will fail similarly.
The transcript of the LaTeX run follows.
WARNING : LaTeX compilation of sect-addition-subtraction-5-4-8.tex failed
INFO    : converting fig-dlb-02-2.tex to fig-dlb-02-2.pdf
ERROR   : LaTeX compilation of fig-dlb-02-2.tex failed.
Re-run, requesting "source" as the format, to analyze the image.
Likely creating the entire document as PDF will fail similarly.
The transcript of the LaTeX run follows.
WARNING : LaTeX compilation of fig-dlb-02-2.tex failed
INFO    : converting sect-addition-subtraction-6-9-5.tex to sect-addition-subtraction-6-9-5.pdf
ERROR   : LaTeX compilation of sect-addition-subtraction-6-9-5.tex failed.
Re-run, requesting "source" as the format, to analyze the image.
Likely creating the entire document as PDF will fail similarly.
The transcript of the LaTeX run follows.
WARNING : LaTeX compilation of sect-addition-subtraction-6-9-5.tex failed
INFO    : converting fig-asdf-2.tex to fig-asdf-2.pdf
ERROR   : LaTeX compilation of fig-asdf-2.tex failed.
Re-run, requesting "source" as the format, to analyze the image.
Likely creating the entire document as PDF will fail similarly.
The transcript of the LaTeX run follows.
WARNING : LaTeX compilation of fig-asdf-2.tex failed
INFO    : converting fig-number-line-2.tex to fig-number-line-2.pdf
ERROR   : LaTeX compilation of fig-number-line-2.tex failed.
Re-run, requesting "source" as the format, to analyze the image.
Likely creating the entire document as PDF will fail similarly.
The transcript of the LaTeX run follows.
WARNING : LaTeX compilation of fig-number-line-2.tex failed
INFO    : converting sect-ha-numbers-5-4-1-4-1-1.tex to sect-ha-numbers-5-4-1-4-1-1.pdf
ERROR   : LaTeX compilation of sect-ha-numbers-5-4-1-4-1-1.tex failed.
Re-run, requesting "source" as the format, to analyze the image.
Likely creating the entire document as PDF will fail similarly.
The transcript of the LaTeX run follows.
WARNING : LaTeX compilation of sect-ha-numbers-5-4-1-4-1-1.tex failed
INFO    : converting sect-multiplication-division-3-3-4-1-2-2.tex to sect-multiplication-division-3-3-4-1-2-2.pdf
