INFO    : Since no target was supplied, we will use "web".

INFO    : Building target web
INFO    : XSL conversion of /Users/pstaab/code/informal-number-theory-book/source/main.ptx by /Users/pstaab/.ptx/2.37.1/core/xsl/utilities/pretext-enhanced-source.xsl
INFO    : successful application of /Users/pstaab/.ptx/2.37.1/core/xsl/utilities/pretext-enhanced-source.xsl
INFO    : Generating any needed assets.
INFO    : converting latex-image pictures from /Users/pstaab/code/informal-number-theory-book/source/main.ptx to svg graphics for placement in /Users/pstaab/code/informal-number-theory-book/generated-assets/latex-image
INFO    : extracting latex-image pictures from /Users/pstaab/code/informal-number-theory-book/source/main.ptx
INFO    : string parameters passed to extraction stylesheet: {'cli.version': '2.37', 'publisher': '/Users/pstaab/code/informal-number-theory-book/publication/publication.ptx'}
INFO    : discovering source file's directory name: /Users/pstaab/code/informal-number-theory-book/source
INFO    : verifying and expanding input directory: /Users/pstaab/code/informal-number-theory-book/source/../generated-assets
INFO    : input directory expanded to absolute path: /Users/pstaab/code/informal-number-theory-book/generated-assets
INFO    : verifying and expanding input directory: /Users/pstaab/code/informal-number-theory-book/source/../assets
INFO    : input directory expanded to absolute path: /Users/pstaab/code/informal-number-theory-book/assets
INFO    : discovering source file's directory name: /Users/pstaab/code/informal-number-theory-book/source
INFO    : XSL conversion of /Users/pstaab/code/informal-number-theory-book/source/main.ptx by /Users/pstaab/.ptx/2.37.1/core/xsl/extract-latex-image.xsl
INFO    : successful application of /Users/pstaab/.ptx/2.37.1/core/xsl/extract-latex-image.xsl
INFO    : converting sect-thinking-strategies-3-8.tex to sect-thinking-strategies-3-8.pdf
INFO    : cropping sect-thinking-strategies-3-8.pdf to cropped-sect-thinking-strategies-3-8.pdf
INFO    : renaming cropped-sect-thinking-strategies-3-8.pdf to sect-thinking-strategies-3-8.pdf
INFO    : converting sect-thinking-strategies-3-8.pdf to sect-thinking-strategies-3-8.svg
INFO    : Removing temporary directory /var/folders/mh/bf69w49d3j9265n3xzmx9t5c0000gq/T/ptx-3znyeg5h
INFO    : Finished generating assets.

INFO    : Preparing to build into /Users/pstaab/code/informal-number-theory-book/output/web.
INFO    : discovering source file's directory name: /Users/pstaab/code/informal-number-theory-book/source
INFO    : verifying and expanding input directory: /Users/pstaab/code/informal-number-theory-book/source/../generated-assets
INFO    : input directory expanded to absolute path: /Users/pstaab/code/informal-number-theory-book/generated-assets
INFO    : verifying and expanding input directory: /Users/pstaab/code/informal-number-theory-book/source/../assets
INFO    : input directory expanded to absolute path: /Users/pstaab/code/informal-number-theory-book/assets
INFO    : discovering source file's directory name: /Users/pstaab/code/informal-number-theory-book/source
INFO    : XSL conversion of /Users/pstaab/code/informal-number-theory-book/source/main.ptx by /Users/pstaab/.ptx/2.37.1/core/xsl/utilities/report-publisher-variables.xsl
INFO    : successful application of /Users/pstaab/.ptx/2.37.1/core/xsl/utilities/report-publisher-variables.xsl
INFO    : Downloading rs services file from https://runestone.academy/cdn/runestone/latest/webpack_static_imports.xml.
INFO    : Runestone Services via online CDN query: version 7.11.19
INFO    : Downloading Runestone Services, version 7.11.19
INFO    : Extracting Runestone Services from archive file
INFO    : Building custom css theme: theme-default-modern
INFO    : converting /Users/pstaab/code/informal-number-theory-book/source/main.ptx to HTML in /var/folders/mh/bf69w49d3j9265n3xzmx9t5c0000gq/T/ptx-_i7_i1mm
INFO    : XSL conversion of /Users/pstaab/code/informal-number-theory-book/source/main.ptx by /Users/pstaab/.ptx/2.37.1/core/xsl/pretext-html.xsl
INFO    : messages from the log for XSL processing:
INFO    : * PTX:INFO:   checking all deprecated elements.
INFO    : successful application of /Users/pstaab/.ptx/2.37.1/core/xsl/pretext-html.xsl
INFO    : Removing temporary directory /var/folders/mh/bf69w49d3j9265n3xzmx9t5c0000gq/T/ptx-_i7_i1mm
INFO    : Removing temporary directory /var/folders/mh/bf69w49d3j9265n3xzmx9t5c0000gq/T/ptx-8s30rbz_
INFO    : 
Finished build for target web. Run `pretext view web` to see the results.

INFO    : 
Success!  Built requested target(s) without errors.

INFO    : 
